
> frontend@0.0.0 build
> vite build

[36mvite v7.1.11 [32mbuilding for production...[36m[39m
transforming...
node.exe : 
[baseline-browser-mapping] 
The data in this module is 
over two months old.  To 
ensure accurate Baseline 
data, please update: `npm 
i baseline-browser-mapping@
latest -D`
At C:\Program 
Files\nodejs\npm.ps1:29 
char:3
+   & $NODE_EXE 
$NPM_CLI_JS $args
+   ~~~~~~~~~~~~~~~~~~~~~~~
~~~~~~
    + CategoryInfo         
     : NotSpecified: ([ba  
  seline-brows...ping@la   
 test -D`:String) [], R    
emoteException
    + FullyQualifiedErrorI 
   d : NativeCommandError
 
[32mΓ£ô[39m 167 modules transformed.
[31mΓ£ù[39m Build failed 
in 2.06s
[31merror during build:
[31mCould not resolve "../
../../context/ToastContext"
 from "src/pages/admin/Coll
ectionManager.jsx"[31m
file: [36mC:/PROJECTSPACE/
WorkSpace/KindleLight/front
end/src/pages/admin/Collect
ionManager.jsx[31m
    at getRollupError (file
:///C:/PROJECTSPACE/WorkSpa
ce/KindleLight/frontend/nod
e_modules/rollup/dist/es/sh
ared/parseAst.js:401:41)
    at error (file:///C:/PR
OJECTSPACE/WorkSpace/Kindle
Light/frontend/node_modules
/rollup/dist/es/shared/pars
eAst.js:397:42)
    at ModuleLoader.handleI
nvalidResolvedId (file:///C
:/PROJECTSPACE/WorkSpace/Ki
ndleLight/frontend/node_mod
ules/rollup/dist/es/shared/
node-entry.js:21565:24)
    at file:///C:/PROJECTSP
ACE/WorkSpace/KindleLight/f
rontend/node_modules/rollup
/dist/es/shared/node-entry.
js:21525:26[39m
